// Jest Snapshot v1, https://goo.gl/fbAQLP

exports[`OrganizationMemberModel should should have jsonSchema that matches snapshot 1`] = `
Object {
  "properties": Object {
    "organizationId": Object {
      "type": "string",
    },
    "role": Object {
      "type": "string",
    },
    "userId": Object {
      "type": "string",
    },
  },
  "required": Array [
    "organizationId",
    "role",
    "userId",
  ],
  "type": "object",
}
`;

exports[`OrganizationMemberModel should should have relationMappings that matches snapshot 1`] = `
Object {
  "organization": Object {
    "join": Object {
      "from": "Assistants.organizationId",
      "to": "Assistants.id",
    },
    "modelClass": [Function],
    "relation": [Function],
  },
  "user": Object {
    "join": Object {
      "from": "Assistants.userId",
      "to": "Users.id",
    },
    "modelClass": [Function],
    "relation": [Function],
  },
}
`;
