// Jest Snapshot v1, https://goo.gl/fbAQLP

exports[`class model should should have jsonSchema that matches snapshot 1`] = `
Object {
  "properties": Object {
    "adminId": Object {
      "type": "string",
    },
    "building": Object {
      "type": Array [
        "string",
        "null",
      ],
    },
    "code": Object {
      "type": "string",
    },
    "description": Object {
      "type": Array [
        "string",
        "null",
      ],
    },
    "name": Object {
      "type": "string",
    },
    "room": Object {
      "type": Array [
        "string",
        "null",
      ],
    },
  },
  "required": Array [
    "adminId",
    "name",
    "code",
  ],
  "type": "object",
}
`;

exports[`class model should should have relationMappings that matches snapshot 1`] = `
Object {
  "admin": Object {
    "join": Object {
      "from": "Classes.adminId",
      "to": "Users.id",
    },
    "modelClass": [Function],
    "relation": [Function],
  },
  "assistants": Object {
    "join": Object {
      "from": "Classes.id",
      "through": Object {
        "from": "Assistants.classId",
        "to": "Assistants.assistantId",
      },
      "to": "Users.Users",
    },
    "modelClass": [Function],
    "relation": [Function],
  },
  "students": Object {
    "join": Object {
      "from": "Classes.id",
      "through": Object {
        "from": "Students.classId",
        "to": "Students.studentId",
      },
      "to": "Users.Users",
    },
    "modelClass": [Function],
    "relation": [Function],
  },
}
`;
